2026-05-21 21:45:25,506 - INFO - システム初期化完了
2026-05-21 21:45:25,507 - INFO - 家族の顔データを読み込み中...
2026-05-21 21:45:26,117 - INFO - ✓ 登録成功: 秀虎
2026-05-21 21:45:26,117 - INFO - 合計 1 人を登録しました
2026-05-21 21:45:26,117 - INFO - テストモード: 写真を撮影して顔認証を実行します
2026-05-21 21:45:26,117 - INFO - ==================================================
2026-05-21 21:45:26,117 - INFO - 🔔 インターホン検知！
2026-05-21 21:45:26,117 - ERROR - カメラ撮影失敗
2026-05-21 21:45:26,118 - ERROR - 撮影失敗
2026-05-21 21:45:26,218 - INFO - リソース解放完了
2026-05-21 21:53:08,128 - INFO - システム初期化完了
2026-05-21 21:53:08,128 - INFO - 家族の顔データを読み込み中...
2026-05-21 21:53:08,739 - INFO - ✓ 登録成功: 秀虎
2026-05-21 21:53:08,739 - INFO - 合計 1 人を登録しました
2026-05-21 21:53:08,739 - INFO - テストモード: 写真を撮影して顔認証を実行します
2026-05-21 21:53:08,739 - INFO - ==================================================
2026-05-21 21:53:08,739 - INFO - 🔔 インターホン検知！
2026-05-21 21:53:09,045 - INFO - 写真保存: 20260521215309.jpg
2026-05-21 21:53:09,257 - INFO - 顔が検出されませんでした
2026-05-21 21:53:09,257 - WARNING - ⚠ 家族以外を検知: 顔なし
2026-05-21 21:53:09,257 - WARNING - Discord Webhook URLが設定されていません
2026-05-21 21:53:09,257 - INFO - ==================================================
2026-05-21 21:53:09,372 - INFO - リソース解放完了
2026-05-21 21:53:24,852 - INFO - システム初期化完了
2026-05-21 21:53:24,852 - INFO - 家族の顔データを読み込み中...
2026-05-21 21:53:25,515 - INFO - ✓ 登録成功: 秀虎
2026-05-21 21:53:25,515 - INFO - 合計 1 人を登録しました
2026-05-21 21:53:25,515 - INFO - テストモード: 写真を撮影して顔認証を実行します
2026-05-21 21:53:25,515 - INFO - ==================================================
2026-05-21 21:53:25,515 - INFO - 🔔 インターホン検知！
2026-05-21 21:53:25,818 - INFO - 写真保存: 20260521215325.jpg
2026-05-21 21:53:26,173 - INFO - ✓ 家族を認識: 秀虎 (信頼度: 59.57%)
2026-05-21 21:53:26,174 - INFO - ==================================================
2026-05-21 21:53:26,290 - INFO - リソース解放完了
2026-05-21 21:59:03,148 - INFO - システム初期化完了
2026-05-21 21:59:03,149 - INFO - 家族の顔データを読み込み中...
2026-05-21 21:59:03,834 - INFO - ✓ 登録成功: 秀虎
2026-05-21 21:59:03,834 - INFO - 合計 1 人を登録しました
2026-05-21 21:59:03,834 - INFO - テストモード: 写真を撮影して顔認証を実行します
2026-05-21 21:59:03,834 - INFO - ==================================================
2026-05-21 21:59:03,834 - INFO - 🔔 インターホン検知！
2026-05-21 21:59:04,130 - INFO - 写真保存: 20260521215904.jpg
2026-05-21 21:59:04,483 - INFO - ✓ 家族を認識: 秀虎 (信頼度: 53.17%)
2026-05-21 21:59:04,483 - INFO - ==================================================
2026-05-21 21:59:04,606 - INFO - リソース解放完了
2026-05-21 21:59:12,401 - INFO - システム初期化完了
2026-05-21 21:59:12,401 - INFO - 家族の顔データを読み込み中...
2026-05-21 21:59:13,085 - INFO - ✓ 登録成功: 秀虎
2026-05-21 21:59:13,085 - INFO - 合計 1 人を登録しました
2026-05-21 21:59:13,086 - INFO - テストモード: 写真を撮影して顔認証を実行します
2026-05-21 21:59:13,086 - INFO - ==================================================
2026-05-21 21:59:13,086 - INFO - 🔔 インターホン検知！
2026-05-21 21:59:13,385 - INFO - 写真保存: 20260521215913.jpg
2026-05-21 21:59:13,739 - INFO - ✓ 家族を認識: 秀虎 (信頼度: 63.52%)
2026-05-21 21:59:13,740 - INFO - ==================================================
2026-05-21 21:59:13,857 - INFO - リソース解放完了
2026-05-21 22:07:41,389 - INFO - システム初期化完了
2026-05-21 22:07:41,389 - INFO - 家族の顔データを読み込み中...
2026-05-21 22:07:49,720 - INFO - ✓ 登録成功: 秀虎
2026-05-21 22:07:49,720 - INFO - 合計 1 人を登録しました
2026-05-21 22:07:49,721 - INFO - テストモード: 写真を撮影して顔認証を実行します
2026-05-21 22:07:49,721 - INFO - ==================================================
2026-05-21 22:07:49,721 - INFO - 🔔 インターホン検知！
2026-05-21 22:07:50,018 - INFO - 写真保存: 20260521220750.jpg
2026-05-21 22:07:50,371 - INFO - ✓ 家族を認識: 秀虎 (信頼度: 53.70%)
2026-05-21 22:07:50,371 - INFO - ==================================================
2026-05-21 22:07:50,490 - INFO - リソース解放完了
2026-05-21 22:09:28,514 - INFO - システム初期化完了
2026-05-21 22:09:28,515 - INFO - 家族の顔データを読み込み中...
2026-05-21 22:09:36,855 - INFO - ✓ 登録成功: 秀虎
2026-05-21 22:09:36,855 - INFO - 合計 1 人を登録しました
2026-05-21 22:09:36,856 - INFO - テストモード: 写真を撮影して顔認証を実行します
2026-05-21 22:09:36,856 - INFO - ==================================================
2026-05-21 22:09:36,856 - INFO - 🔔 インターホン検知！
2026-05-21 22:09:37,158 - INFO - 写真保存: 20260521220937.jpg
2026-05-21 22:09:37,512 - WARNING - ⚠ 家族以外を検知: 不明な訪問者
2026-05-21 22:09:37,512 - WARNING - Discord Webhook URLが設定されていません
2026-05-21 22:09:37,512 - INFO - ==================================================
2026-05-21 22:09:37,627 - INFO - リソース解放完了
2026-05-21 22:11:53,353 - INFO - システム初期化完了
2026-05-21 22:11:53,354 - INFO - 家族の顔データを読み込み中...
2026-05-21 22:12:01,696 - INFO - ✓ 登録成功: 秀虎
2026-05-21 22:12:01,696 - INFO - 合計 1 人を登録しました
2026-05-21 22:12:01,697 - INFO - テストモード: 写真を撮影して顔認証を実行します
2026-05-21 22:12:01,697 - INFO - ==================================================
2026-05-21 22:12:01,697 - INFO - 🔔 インターホン検知！
2026-05-21 22:12:01,997 - INFO - 写真保存: 20260521221201.jpg
2026-05-21 22:12:02,498 - INFO - ✓ 家族を認識: 秀虎 (信頼度: 57.71%)
2026-05-21 22:12:02,498 - INFO - ==================================================
2026-05-21 22:12:02,621 - INFO - リソース解放完了
2026-05-21 22:15:41,421 - INFO - システム初期化完了
2026-05-21 22:15:41,421 - INFO - インターホン連携顔認証システム起動
2026-05-21 22:15:41,421 - INFO - 家族データフォルダ: /home/pi/intercom_project/data/family
2026-05-21 22:15:41,422 - INFO - 訪問者画像保存先: /home/pi/intercom_project/logs/visitors
2026-05-21 22:15:41,422 - INFO - 家族の顔データを読み込み中...
2026-05-21 22:15:49,766 - INFO - ✓ 登録成功: 秀虎
2026-05-21 22:15:49,766 - INFO - 合計 1 人を登録しました
2026-05-21 22:15:49,767 - INFO - 待機中... (Ctrl+Cで終了)
2026-05-21 22:17:02,947 - INFO - 
システム停止中...
2026-05-21 22:17:03,048 - INFO - リソース解放完了
2026-05-21 22:24:40,114 - INFO - システム初期化完了
2026-05-21 22:24:40,114 - INFO - インターホン連携顔認証システム起動
2026-05-21 22:24:40,115 - INFO - 家族データフォルダ: /home/pi/intercom_project/data/family
2026-05-21 22:24:40,115 - INFO - 訪問者画像保存先: /home/pi/intercom_project/logs/visitors
2026-05-21 22:24:40,115 - INFO - 家族の顔データを読み込み中...
2026-05-21 22:24:48,436 - INFO - ✓ 登録成功: 秀虎
2026-05-21 22:24:48,436 - INFO - 合計 1 人を登録しました
2026-05-21 22:24:48,437 - INFO - 待機中... (Ctrl+Cで終了)
2026-05-21 22:28:41,199 - INFO - 
システム停止中...
2026-05-21 22:28:41,300 - INFO - リソース解放完了
